OK!
OK!
OK!
Error:row!
OK!
Error:row!
Error:row!
OK!
Error:row!
OK!
Error:square!
Error:row!
Error:row!
OK!
Error:row!
Error:square!
OK!
OK!
Error:column!
OK!
Error:square!
Error:square!
OK!
OK!
Error:square!
Error:row!
OK!
OK!
OK!
Error:row!
OK!
Error:row!
OK!
Error:row!
OK!
Error:row!
Error:column!
Error:column!
OK!
OK!
OK!
Error:row!
OK!
OK!
OK!
Error:column!
OK!
OK!
Error:row!
Error:row!
Error:row!
Error:column!
Error:column!
Error:square!
OK!
Error:column!
Error:column!
Error:column!
OK!
Error:row!
OK!
Error:column!
OK!
OK!
OK!
OK!
Error:row!
Error:row!
Error:row!
OK!
Error:square!
Error:row!
Error:column!
OK!
Error:column!
Error:column!
Error:column!
OK!
OK!
Error:row!
Error:column!
OK!
OK!
OK!
OK!
OK!
Error!
Error!
Error!
Error!
Error!
OK!
Error!
OK!
Error!
OK!
OK!
OK!
Error!
+-+-+-+-+-+-+-+-+-+
|1|8|5|0|4|0|0|0|0|
+-+-+-+-+-+-+-+-+-+
|9|0|0|0|5|0|0|0|6|
+-+-+-+-+-+-+-+-+-+
|0|3|0|0|8|0|0|0|1|
+-+-+-+-+-+-+-+-+-+
|8|0|0|4|0|0|0|9|0|
+-+-+-+-+-+-+-+-+-+
|0|0|2|9|0|0|5|1|0|
+-+-+-+-+-+-+-+-+-+
|0|9|4|0|0|0|0|0|0|
+-+-+-+-+-+-+-+-+-+
|6|0|0|0|3|0|8|0|4|
+-+-+-+-+-+-+-+-+-+
|7|1|0|0|0|0|0|0|0|
+-+-+-+-+-+-+-+-+-+
|0|5|0|0|0|0|1|0|0|
+-+-+-+-+-+-+-+-+-+
